SUBJECT: CODEGUARD: Đã dùng 80.0% hạn mức input tháng này
---TEXT---
Cảnh báo hạn mức input

Tổ chức của bạn đã sử dụng 80.0% hạn mức token input trong tháng này (800.000 / 1.000.000). Hạn mức sẽ reset đầu tháng sau, hoặc bạn có thể tăng cap qua quản trị.

Lưu ý: các yêu cầu /scan tính 5× và /permit-checklist tính 2× so với /query để phản ánh chi phí compute thực tế.

Xem chi tiết: https://app.aec.local/codeguard/quota

---HTML---
<div style="font-family:system-ui,sans-serif;color:#222;max-width:560px"><h2 style="margin:0 0 8px;font-size:16px">Cảnh báo hạn mức input</h2><p style="font-size:13px;line-height:1.5">Tổ chức của bạn đã sử dụng 80.0% hạn mức token input trong tháng này (800.000 / 1.000.000). Hạn mức sẽ reset đầu tháng sau, hoặc bạn có thể tăng cap qua quản trị.</p><p style="font-size:12px;line-height:1.5;color:#555">Lưu ý: các yêu cầu /scan tính 5× và /permit-checklist tính 2× so với /query để phản ánh chi phí compute thực tế.</p><p style="margin-top:16px;font-size:13px"><a href="https://app.aec.local/codeguard/quota">Xem hạn mức chi tiết</a></p></div>
